

================================================================
== Vivado HLS Report for 'dense_array_array_ap_fixed_16_6_5_3_0_64u_config2_s'
================================================================
* Date:           Tue Apr  6 01:19:38 2021

* Version:        2019.2 (Build 2704478 on Wed Nov 06 22:10:23 MST 2019)
* Project:        myproject_prj
* Solution:       solution1
* Product family: zynq
* Target device:  xc7z020-clg400-1


================================================================
== Performance Estimates
================================================================
+ Timing: 
    * Summary: 
    +--------+----------+----------+------------+
    |  Clock |  Target  | Estimated| Uncertainty|
    +--------+----------+----------+------------+
    |ap_clk  | 10.00 ns | 6.982 ns |   1.25 ns  |
    +--------+----------+----------+------------+

+ Latency: 
    * Summary: 
    +---------+---------+----------+----------+-----+-----+---------+
    |  Latency (cycles) |  Latency (absolute) |  Interval | Pipeline|
    |   min   |   max   |    min   |    max   | min | max |   Type  |
    +---------+---------+----------+----------+-----+-----+---------+
    |       68|       69| 0.680 us | 0.690 us |   68|   69|   none  |
    +---------+---------+----------+----------+-----+-----+---------+

    + Detail: 
        * Instance: 
        +------------------------------------------------------------------+------------------------------------------------------+---------+---------+----------+----------+-----+-----+---------------------------------------------+
        |                                                                  |                                                      |  Latency (cycles) |  Latency (absolute) |  Interval |                   Pipeline                  |
        |                             Instance                             |                        Module                        |   min   |   max   |    min   |    max   | min | max |                     Type                    |
        +------------------------------------------------------------------+------------------------------------------------------+---------+---------+----------+----------+-----+-----+---------------------------------------------+
        |grp_dense_wrapper_ap_fixed_ap_fixed_16_6_5_3_0_config2_s_fu_1380  |dense_wrapper_ap_fixed_ap_fixed_16_6_5_3_0_config2_s  |       66|       67| 0.660 us | 0.670 us |   64|   64| loop rewind(delay=0 initiation interval(s)) |
        +------------------------------------------------------------------+------------------------------------------------------+---------+---------+----------+----------+-----+-----+---------------------------------------------+

        * Loop: 
        N/A



================================================================
== Utilization Estimates
================================================================
* Summary: 
+-----------------+---------+-------+--------+-------+-----+
|       Name      | BRAM_18K| DSP48E|   FF   |  LUT  | URAM|
+-----------------+---------+-------+--------+-------+-----+
|DSP              |        -|      -|       -|      -|    -|
|Expression       |        -|      -|       0|      6|    -|
|FIFO             |        -|      -|       -|      -|    -|
|Instance         |        4|     16|    3353|   3768|    -|
|Memory           |        -|      -|       -|      -|    -|
|Multiplexer      |        -|      -|       -|    759|    -|
|Register         |        -|      -|    1286|      -|    -|
+-----------------+---------+-------+--------+-------+-----+
|Total            |        4|     16|    4639|   4533|    0|
+-----------------+---------+-------+--------+-------+-----+
|Available        |      280|    220|  106400|  53200|    0|
+-----------------+---------+-------+--------+-------+-----+
|Utilization (%)  |        1|      7|       4|      8|    0|
+-----------------+---------+-------+--------+-------+-----+

+ Detail: 
    * Instance: 
    +------------------------------------------------------------------+------------------------------------------------------+---------+-------+------+------+-----+
    |                             Instance                             |                        Module                        | BRAM_18K| DSP48E|  FF  |  LUT | URAM|
    +------------------------------------------------------------------+------------------------------------------------------+---------+-------+------+------+-----+
    |grp_dense_wrapper_ap_fixed_ap_fixed_16_6_5_3_0_config2_s_fu_1380  |dense_wrapper_ap_fixed_ap_fixed_16_6_5_3_0_config2_s  |        4|     16|  3353|  3768|    0|
    +------------------------------------------------------------------+------------------------------------------------------+---------+-------+------+------+-----+
    |Total                                                             |                                                      |        4|     16|  3353|  3768|    0|
    +------------------------------------------------------------------+------------------------------------------------------+---------+-------+------+------+-----+

    * DSP48E: 
    N/A

    * Memory: 
    N/A

    * FIFO: 
    N/A

    * Expression: 
    +---------------------------+----------+-------+---+----+------------+------------+
    |       Variable Name       | Operation| DSP48E| FF| LUT| Bitwidth P0| Bitwidth P1|
    +---------------------------+----------+-------+---+----+------------+------------+
    |io_acc_block_signal_op170  |    and   |      0|  0|   2|           1|           1|
    |io_acc_block_signal_op4    |    and   |      0|  0|   2|           1|           1|
    |ap_block_state1            |    or    |      0|  0|   2|           1|           1|
    +---------------------------+----------+-------+---+----+------------+------------+
    |Total                      |          |      0|  0|   6|           3|           3|
    +---------------------------+----------+-------+---+----+------------+------------+

    * Multiplexer: 
    +-------------------------------+----+-----------+-----+-----------+
    |              Name             | LUT| Input Size| Bits| Total Bits|
    +-------------------------------+----+-----------+-----+-----------+
    |ap_NS_fsm                      |  21|          4|    1|          4|
    |ap_done                        |   9|          2|    1|          2|
    |data_stream_V_data_0_V_blk_n   |   9|          2|    1|          2|
    |data_stream_V_data_10_V_blk_n  |   9|          2|    1|          2|
    |data_stream_V_data_11_V_blk_n  |   9|          2|    1|          2|
    |data_stream_V_data_12_V_blk_n  |   9|          2|    1|          2|
    |data_stream_V_data_13_V_blk_n  |   9|          2|    1|          2|
    |data_stream_V_data_14_V_blk_n  |   9|          2|    1|          2|
    |data_stream_V_data_15_V_blk_n  |   9|          2|    1|          2|
    |data_stream_V_data_1_V_blk_n   |   9|          2|    1|          2|
    |data_stream_V_data_2_V_blk_n   |   9|          2|    1|          2|
    |data_stream_V_data_3_V_blk_n   |   9|          2|    1|          2|
    |data_stream_V_data_4_V_blk_n   |   9|          2|    1|          2|
    |data_stream_V_data_5_V_blk_n   |   9|          2|    1|          2|
    |data_stream_V_data_6_V_blk_n   |   9|          2|    1|          2|
    |data_stream_V_data_7_V_blk_n   |   9|          2|    1|          2|
    |data_stream_V_data_8_V_blk_n   |   9|          2|    1|          2|
    |data_stream_V_data_9_V_blk_n   |   9|          2|    1|          2|
    |real_start                     |   9|          2|    1|          2|
    |res_stream_V_data_0_V_blk_n    |   9|          2|    1|          2|
    |res_stream_V_data_10_V_blk_n   |   9|          2|    1|          2|
    |res_stream_V_data_11_V_blk_n   |   9|          2|    1|          2|
    |res_stream_V_data_12_V_blk_n   |   9|          2|    1|          2|
    |res_stream_V_data_13_V_blk_n   |   9|          2|    1|          2|
    |res_stream_V_data_14_V_blk_n   |   9|          2|    1|          2|
    |res_stream_V_data_15_V_blk_n   |   9|          2|    1|          2|
    |res_stream_V_data_16_V_blk_n   |   9|          2|    1|          2|
    |res_stream_V_data_17_V_blk_n   |   9|          2|    1|          2|
    |res_stream_V_data_18_V_blk_n   |   9|          2|    1|          2|
    |res_stream_V_data_19_V_blk_n   |   9|          2|    1|          2|
    |res_stream_V_data_1_V_blk_n    |   9|          2|    1|          2|
    |res_stream_V_data_20_V_blk_n   |   9|          2|    1|          2|
    |res_stream_V_data_21_V_blk_n   |   9|          2|    1|          2|
    |res_stream_V_data_22_V_blk_n   |   9|          2|    1|          2|
    |res_stream_V_data_23_V_blk_n   |   9|          2|    1|          2|
    |res_stream_V_data_24_V_blk_n   |   9|          2|    1|          2|
    |res_stream_V_data_25_V_blk_n   |   9|          2|    1|          2|
    |res_stream_V_data_26_V_blk_n   |   9|          2|    1|          2|
    |res_stream_V_data_27_V_blk_n   |   9|          2|    1|          2|
    |res_stream_V_data_28_V_blk_n   |   9|          2|    1|          2|
    |res_stream_V_data_29_V_blk_n   |   9|          2|    1|          2|
    |res_stream_V_data_2_V_blk_n    |   9|          2|    1|          2|
    |res_stream_V_data_30_V_blk_n   |   9|          2|    1|          2|
    |res_stream_V_data_31_V_blk_n   |   9|          2|    1|          2|
    |res_stream_V_data_32_V_blk_n   |   9|          2|    1|          2|
    |res_stream_V_data_33_V_blk_n   |   9|          2|    1|          2|
    |res_stream_V_data_34_V_blk_n   |   9|          2|    1|          2|
    |res_stream_V_data_35_V_blk_n   |   9|          2|    1|          2|
    |res_stream_V_data_36_V_blk_n   |   9|          2|    1|          2|
    |res_stream_V_data_37_V_blk_n   |   9|          2|    1|          2|
    |res_stream_V_data_38_V_blk_n   |   9|          2|    1|          2|
    |res_stream_V_data_39_V_blk_n   |   9|          2|    1|          2|
    |res_stream_V_data_3_V_blk_n    |   9|          2|    1|          2|
    |res_stream_V_data_40_V_blk_n   |   9|          2|    1|          2|
    |res_stream_V_data_41_V_blk_n   |   9|          2|    1|          2|
    |res_stream_V_data_42_V_blk_n   |   9|          2|    1|          2|
    |res_stream_V_data_43_V_blk_n   |   9|          2|    1|          2|
    |res_stream_V_data_44_V_blk_n   |   9|          2|    1|          2|
    |res_stream_V_data_45_V_blk_n   |   9|          2|    1|          2|
    |res_stream_V_data_46_V_blk_n   |   9|          2|    1|          2|
    |res_stream_V_data_47_V_blk_n   |   9|          2|    1|          2|
    |res_stream_V_data_48_V_blk_n   |   9|          2|    1|          2|
    |res_stream_V_data_49_V_blk_n   |   9|          2|    1|          2|
    |res_stream_V_data_4_V_blk_n    |   9|          2|    1|          2|
    |res_stream_V_data_50_V_blk_n   |   9|          2|    1|          2|
    |res_stream_V_data_51_V_blk_n   |   9|          2|    1|          2|
    |res_stream_V_data_52_V_blk_n   |   9|          2|    1|          2|
    |res_stream_V_data_53_V_blk_n   |   9|          2|    1|          2|
    |res_stream_V_data_54_V_blk_n   |   9|          2|    1|          2|
    |res_stream_V_data_55_V_blk_n   |   9|          2|    1|          2|
    |res_stream_V_data_56_V_blk_n   |   9|          2|    1|          2|
    |res_stream_V_data_57_V_blk_n   |   9|          2|    1|          2|
    |res_stream_V_data_58_V_blk_n   |   9|          2|    1|          2|
    |res_stream_V_data_59_V_blk_n   |   9|          2|    1|          2|
    |res_stream_V_data_5_V_blk_n    |   9|          2|    1|          2|
    |res_stream_V_data_60_V_blk_n   |   9|          2|    1|          2|
    |res_stream_V_data_61_V_blk_n   |   9|          2|    1|          2|
    |res_stream_V_data_62_V_blk_n   |   9|          2|    1|          2|
    |res_stream_V_data_63_V_blk_n   |   9|          2|    1|          2|
    |res_stream_V_data_6_V_blk_n    |   9|          2|    1|          2|
    |res_stream_V_data_7_V_blk_n    |   9|          2|    1|          2|
    |res_stream_V_data_8_V_blk_n    |   9|          2|    1|          2|
    |res_stream_V_data_9_V_blk_n    |   9|          2|    1|          2|
    +-------------------------------+----+-----------+-----+-----------+
    |Total                          | 759|        168|   83|        168|
    +-------------------------------+----+-----------+-----+-----------+

    * Register: 
    +-------------------------------------------------------------------------------+----+----+-----+-----------+
    |                                      Name                                     | FF | LUT| Bits| Const Bits|
    +-------------------------------------------------------------------------------+----+----+-----+-----------+
    |ap_CS_fsm                                                                      |   3|   0|    3|          0|
    |ap_done_reg                                                                    |   1|   0|    1|          0|
    |data_0_V_reg_1740                                                              |  16|   0|   16|          0|
    |data_10_V_reg_1790                                                             |  16|   0|   16|          0|
    |data_11_V_reg_1795                                                             |  16|   0|   16|          0|
    |data_12_V_reg_1800                                                             |  16|   0|   16|          0|
    |data_13_V_reg_1805                                                             |  16|   0|   16|          0|
    |data_14_V_reg_1810                                                             |  16|   0|   16|          0|
    |data_15_V_reg_1815                                                             |  16|   0|   16|          0|
    |data_1_V_reg_1745                                                              |  16|   0|   16|          0|
    |data_2_V_reg_1750                                                              |  16|   0|   16|          0|
    |data_3_V_reg_1755                                                              |  16|   0|   16|          0|
    |data_4_V_reg_1760                                                              |  16|   0|   16|          0|
    |data_5_V_reg_1765                                                              |  16|   0|   16|          0|
    |data_6_V_reg_1770                                                              |  16|   0|   16|          0|
    |data_7_V_reg_1775                                                              |  16|   0|   16|          0|
    |data_8_V_reg_1780                                                              |  16|   0|   16|          0|
    |data_9_V_reg_1785                                                              |  16|   0|   16|          0|
    |grp_dense_wrapper_ap_fixed_ap_fixed_16_6_5_3_0_config2_s_fu_1380_ap_start_reg  |   1|   0|    1|          0|
    |start_once_reg                                                                 |   1|   0|    1|          0|
    |tmp_data_0_V_reg_1820                                                          |  16|   0|   16|          0|
    |tmp_data_10_V_reg_1870                                                         |  16|   0|   16|          0|
    |tmp_data_11_V_reg_1875                                                         |  16|   0|   16|          0|
    |tmp_data_12_V_reg_1880                                                         |  16|   0|   16|          0|
    |tmp_data_13_V_reg_1885                                                         |  16|   0|   16|          0|
    |tmp_data_14_V_reg_1890                                                         |  16|   0|   16|          0|
    |tmp_data_15_V_reg_1895                                                         |  16|   0|   16|          0|
    |tmp_data_16_V_reg_1900                                                         |  16|   0|   16|          0|
    |tmp_data_17_V_reg_1905                                                         |  16|   0|   16|          0|
    |tmp_data_18_V_reg_1910                                                         |  16|   0|   16|          0|
    |tmp_data_19_V_reg_1915                                                         |  16|   0|   16|          0|
    |tmp_data_1_V_reg_1825                                                          |  16|   0|   16|          0|
    |tmp_data_20_V_reg_1920                                                         |  16|   0|   16|          0|
    |tmp_data_21_V_reg_1925                                                         |  16|   0|   16|          0|
    |tmp_data_22_V_reg_1930                                                         |  16|   0|   16|          0|
    |tmp_data_23_V_reg_1935                                                         |  16|   0|   16|          0|
    |tmp_data_24_V_reg_1940                                                         |  16|   0|   16|          0|
    |tmp_data_25_V_reg_1945                                                         |  16|   0|   16|          0|
    |tmp_data_26_V_reg_1950                                                         |  16|   0|   16|          0|
    |tmp_data_27_V_reg_1955                                                         |  16|   0|   16|          0|
    |tmp_data_28_V_reg_1960                                                         |  16|   0|   16|          0|
    |tmp_data_29_V_reg_1965                                                         |  16|   0|   16|          0|
    |tmp_data_2_V_reg_1830                                                          |  16|   0|   16|          0|
    |tmp_data_30_V_reg_1970                                                         |  16|   0|   16|          0|
    |tmp_data_31_V_reg_1975                                                         |  16|   0|   16|          0|
    |tmp_data_32_V_reg_1980                                                         |  16|   0|   16|          0|
    |tmp_data_33_V_reg_1985                                                         |  16|   0|   16|          0|
    |tmp_data_34_V_reg_1990                                                         |  16|   0|   16|          0|
    |tmp_data_35_V_reg_1995                                                         |  16|   0|   16|          0|
    |tmp_data_36_V_reg_2000                                                         |  16|   0|   16|          0|
    |tmp_data_37_V_reg_2005                                                         |  16|   0|   16|          0|
    |tmp_data_38_V_reg_2010                                                         |  16|   0|   16|          0|
    |tmp_data_39_V_reg_2015                                                         |  16|   0|   16|          0|
    |tmp_data_3_V_reg_1835                                                          |  16|   0|   16|          0|
    |tmp_data_40_V_reg_2020                                                         |  16|   0|   16|          0|
    |tmp_data_41_V_reg_2025                                                         |  16|   0|   16|          0|
    |tmp_data_42_V_reg_2030                                                         |  16|   0|   16|          0|
    |tmp_data_43_V_reg_2035                                                         |  16|   0|   16|          0|
    |tmp_data_44_V_reg_2040                                                         |  16|   0|   16|          0|
    |tmp_data_45_V_reg_2045                                                         |  16|   0|   16|          0|
    |tmp_data_46_V_reg_2050                                                         |  16|   0|   16|          0|
    |tmp_data_47_V_reg_2055                                                         |  16|   0|   16|          0|
    |tmp_data_48_V_reg_2060                                                         |  16|   0|   16|          0|
    |tmp_data_49_V_reg_2065                                                         |  16|   0|   16|          0|
    |tmp_data_4_V_reg_1840                                                          |  16|   0|   16|          0|
    |tmp_data_50_V_reg_2070                                                         |  16|   0|   16|          0|
    |tmp_data_51_V_reg_2075                                                         |  16|   0|   16|          0|
    |tmp_data_52_V_reg_2080                                                         |  16|   0|   16|          0|
    |tmp_data_53_V_reg_2085                                                         |  16|   0|   16|          0|
    |tmp_data_54_V_reg_2090                                                         |  16|   0|   16|          0|
    |tmp_data_55_V_reg_2095                                                         |  16|   0|   16|          0|
    |tmp_data_56_V_reg_2100                                                         |  16|   0|   16|          0|
    |tmp_data_57_V_reg_2105                                                         |  16|   0|   16|          0|
    |tmp_data_58_V_reg_2110                                                         |  16|   0|   16|          0|
    |tmp_data_59_V_reg_2115                                                         |  16|   0|   16|          0|
    |tmp_data_5_V_reg_1845                                                          |  16|   0|   16|          0|
    |tmp_data_60_V_reg_2120                                                         |  16|   0|   16|          0|
    |tmp_data_61_V_reg_2125                                                         |  16|   0|   16|          0|
    |tmp_data_62_V_reg_2130                                                         |  16|   0|   16|          0|
    |tmp_data_63_V_reg_2135                                                         |  16|   0|   16|          0|
    |tmp_data_6_V_reg_1850                                                          |  16|   0|   16|          0|
    |tmp_data_7_V_reg_1855                                                          |  16|   0|   16|          0|
    |tmp_data_8_V_reg_1860                                                          |  16|   0|   16|          0|
    |tmp_data_9_V_reg_1865                                                          |  16|   0|   16|          0|
    +-------------------------------------------------------------------------------+----+----+-----+-----------+
    |Total                                                                          |1286|   0| 1286|          0|
    +-------------------------------------------------------------------------------+----+----+-----+-----------+



================================================================
== Interface
================================================================
* Summary: 
+---------------------------------+-----+-----+------------+------------------------------------------------------+--------------+
|            RTL Ports            | Dir | Bits|  Protocol  |                     Source Object                    |    C Type    |
+---------------------------------+-----+-----+------------+------------------------------------------------------+--------------+
|ap_clk                           |  in |    1| ap_ctrl_hs | dense<array,array<ap_fixed<16,6,5,3,0>,64u>,config2> | return value |
|ap_rst                           |  in |    1| ap_ctrl_hs | dense<array,array<ap_fixed<16,6,5,3,0>,64u>,config2> | return value |
|ap_start                         |  in |    1| ap_ctrl_hs | dense<array,array<ap_fixed<16,6,5,3,0>,64u>,config2> | return value |
|start_full_n                     |  in |    1| ap_ctrl_hs | dense<array,array<ap_fixed<16,6,5,3,0>,64u>,config2> | return value |
|ap_done                          | out |    1| ap_ctrl_hs | dense<array,array<ap_fixed<16,6,5,3,0>,64u>,config2> | return value |
|ap_continue                      |  in |    1| ap_ctrl_hs | dense<array,array<ap_fixed<16,6,5,3,0>,64u>,config2> | return value |
|ap_idle                          | out |    1| ap_ctrl_hs | dense<array,array<ap_fixed<16,6,5,3,0>,64u>,config2> | return value |
|ap_ready                         | out |    1| ap_ctrl_hs | dense<array,array<ap_fixed<16,6,5,3,0>,64u>,config2> | return value |
|start_out                        | out |    1| ap_ctrl_hs | dense<array,array<ap_fixed<16,6,5,3,0>,64u>,config2> | return value |
|start_write                      | out |    1| ap_ctrl_hs | dense<array,array<ap_fixed<16,6,5,3,0>,64u>,config2> | return value |
|data_stream_V_data_0_V_dout      |  in |   16|   ap_fifo  |                data_stream_V_data_0_V                |    pointer   |
|data_stream_V_data_0_V_empty_n   |  in |    1|   ap_fifo  |                data_stream_V_data_0_V                |    pointer   |
|data_stream_V_data_0_V_read      | out |    1|   ap_fifo  |                data_stream_V_data_0_V                |    pointer   |
|data_stream_V_data_1_V_dout      |  in |   16|   ap_fifo  |                data_stream_V_data_1_V                |    pointer   |
|data_stream_V_data_1_V_empty_n   |  in |    1|   ap_fifo  |                data_stream_V_data_1_V                |    pointer   |
|data_stream_V_data_1_V_read      | out |    1|   ap_fifo  |                data_stream_V_data_1_V                |    pointer   |
|data_stream_V_data_2_V_dout      |  in |   16|   ap_fifo  |                data_stream_V_data_2_V                |    pointer   |
|data_stream_V_data_2_V_empty_n   |  in |    1|   ap_fifo  |                data_stream_V_data_2_V                |    pointer   |
|data_stream_V_data_2_V_read      | out |    1|   ap_fifo  |                data_stream_V_data_2_V                |    pointer   |
|data_stream_V_data_3_V_dout      |  in |   16|   ap_fifo  |                data_stream_V_data_3_V                |    pointer   |
|data_stream_V_data_3_V_empty_n   |  in |    1|   ap_fifo  |                data_stream_V_data_3_V                |    pointer   |
|data_stream_V_data_3_V_read      | out |    1|   ap_fifo  |                data_stream_V_data_3_V                |    pointer   |
|data_stream_V_data_4_V_dout      |  in |   16|   ap_fifo  |                data_stream_V_data_4_V                |    pointer   |
|data_stream_V_data_4_V_empty_n   |  in |    1|   ap_fifo  |                data_stream_V_data_4_V                |    pointer   |
|data_stream_V_data_4_V_read      | out |    1|   ap_fifo  |                data_stream_V_data_4_V                |    pointer   |
|data_stream_V_data_5_V_dout      |  in |   16|   ap_fifo  |                data_stream_V_data_5_V                |    pointer   |
|data_stream_V_data_5_V_empty_n   |  in |    1|   ap_fifo  |                data_stream_V_data_5_V                |    pointer   |
|data_stream_V_data_5_V_read      | out |    1|   ap_fifo  |                data_stream_V_data_5_V                |    pointer   |
|data_stream_V_data_6_V_dout      |  in |   16|   ap_fifo  |                data_stream_V_data_6_V                |    pointer   |
|data_stream_V_data_6_V_empty_n   |  in |    1|   ap_fifo  |                data_stream_V_data_6_V                |    pointer   |
|data_stream_V_data_6_V_read      | out |    1|   ap_fifo  |                data_stream_V_data_6_V                |    pointer   |
|data_stream_V_data_7_V_dout      |  in |   16|   ap_fifo  |                data_stream_V_data_7_V                |    pointer   |
|data_stream_V_data_7_V_empty_n   |  in |    1|   ap_fifo  |                data_stream_V_data_7_V                |    pointer   |
|data_stream_V_data_7_V_read      | out |    1|   ap_fifo  |                data_stream_V_data_7_V                |    pointer   |
|data_stream_V_data_8_V_dout      |  in |   16|   ap_fifo  |                data_stream_V_data_8_V                |    pointer   |
|data_stream_V_data_8_V_empty_n   |  in |    1|   ap_fifo  |                data_stream_V_data_8_V                |    pointer   |
|data_stream_V_data_8_V_read      | out |    1|   ap_fifo  |                data_stream_V_data_8_V                |    pointer   |
|data_stream_V_data_9_V_dout      |  in |   16|   ap_fifo  |                data_stream_V_data_9_V                |    pointer   |
|data_stream_V_data_9_V_empty_n   |  in |    1|   ap_fifo  |                data_stream_V_data_9_V                |    pointer   |
|data_stream_V_data_9_V_read      | out |    1|   ap_fifo  |                data_stream_V_data_9_V                |    pointer   |
|data_stream_V_data_10_V_dout     |  in |   16|   ap_fifo  |                data_stream_V_data_10_V               |    pointer   |
|data_stream_V_data_10_V_empty_n  |  in |    1|   ap_fifo  |                data_stream_V_data_10_V               |    pointer   |
|data_stream_V_data_10_V_read     | out |    1|   ap_fifo  |                data_stream_V_data_10_V               |    pointer   |
|data_stream_V_data_11_V_dout     |  in |   16|   ap_fifo  |                data_stream_V_data_11_V               |    pointer   |
|data_stream_V_data_11_V_empty_n  |  in |    1|   ap_fifo  |                data_stream_V_data_11_V               |    pointer   |
|data_stream_V_data_11_V_read     | out |    1|   ap_fifo  |                data_stream_V_data_11_V               |    pointer   |
|data_stream_V_data_12_V_dout     |  in |   16|   ap_fifo  |                data_stream_V_data_12_V               |    pointer   |
|data_stream_V_data_12_V_empty_n  |  in |    1|   ap_fifo  |                data_stream_V_data_12_V               |    pointer   |
|data_stream_V_data_12_V_read     | out |    1|   ap_fifo  |                data_stream_V_data_12_V               |    pointer   |
|data_stream_V_data_13_V_dout     |  in |   16|   ap_fifo  |                data_stream_V_data_13_V               |    pointer   |
|data_stream_V_data_13_V_empty_n  |  in |    1|   ap_fifo  |                data_stream_V_data_13_V               |    pointer   |
|data_stream_V_data_13_V_read     | out |    1|   ap_fifo  |                data_stream_V_data_13_V               |    pointer   |
|data_stream_V_data_14_V_dout     |  in |   16|   ap_fifo  |                data_stream_V_data_14_V               |    pointer   |
|data_stream_V_data_14_V_empty_n  |  in |    1|   ap_fifo  |                data_stream_V_data_14_V               |    pointer   |
|data_stream_V_data_14_V_read     | out |    1|   ap_fifo  |                data_stream_V_data_14_V               |    pointer   |
|data_stream_V_data_15_V_dout     |  in |   16|   ap_fifo  |                data_stream_V_data_15_V               |    pointer   |
|data_stream_V_data_15_V_empty_n  |  in |    1|   ap_fifo  |                data_stream_V_data_15_V               |    pointer   |
|data_stream_V_data_15_V_read     | out |    1|   ap_fifo  |                data_stream_V_data_15_V               |    pointer   |
|res_stream_V_data_0_V_din        | out |   16|   ap_fifo  |                 res_stream_V_data_0_V                |    pointer   |
|res_stream_V_data_0_V_full_n     |  in |    1|   ap_fifo  |                 res_stream_V_data_0_V                |    pointer   |
|res_stream_V_data_0_V_write      | out |    1|   ap_fifo  |                 res_stream_V_data_0_V                |    pointer   |
|res_stream_V_data_1_V_din        | out |   16|   ap_fifo  |                 res_stream_V_data_1_V                |    pointer   |
|res_stream_V_data_1_V_full_n     |  in |    1|   ap_fifo  |                 res_stream_V_data_1_V                |    pointer   |
|res_stream_V_data_1_V_write      | out |    1|   ap_fifo  |                 res_stream_V_data_1_V                |    pointer   |
|res_stream_V_data_2_V_din        | out |   16|   ap_fifo  |                 res_stream_V_data_2_V                |    pointer   |
|res_stream_V_data_2_V_full_n     |  in |    1|   ap_fifo  |                 res_stream_V_data_2_V                |    pointer   |
|res_stream_V_data_2_V_write      | out |    1|   ap_fifo  |                 res_stream_V_data_2_V                |    pointer   |
|res_stream_V_data_3_V_din        | out |   16|   ap_fifo  |                 res_stream_V_data_3_V                |    pointer   |
|res_stream_V_data_3_V_full_n     |  in |    1|   ap_fifo  |                 res_stream_V_data_3_V                |    pointer   |
|res_stream_V_data_3_V_write      | out |    1|   ap_fifo  |                 res_stream_V_data_3_V                |    pointer   |
|res_stream_V_data_4_V_din        | out |   16|   ap_fifo  |                 res_stream_V_data_4_V                |    pointer   |
|res_stream_V_data_4_V_full_n     |  in |    1|   ap_fifo  |                 res_stream_V_data_4_V                |    pointer   |
|res_stream_V_data_4_V_write      | out |    1|   ap_fifo  |                 res_stream_V_data_4_V                |    pointer   |
|res_stream_V_data_5_V_din        | out |   16|   ap_fifo  |                 res_stream_V_data_5_V                |    pointer   |
|res_stream_V_data_5_V_full_n     |  in |    1|   ap_fifo  |                 res_stream_V_data_5_V                |    pointer   |
|res_stream_V_data_5_V_write      | out |    1|   ap_fifo  |                 res_stream_V_data_5_V                |    pointer   |
|res_stream_V_data_6_V_din        | out |   16|   ap_fifo  |                 res_stream_V_data_6_V                |    pointer   |
|res_stream_V_data_6_V_full_n     |  in |    1|   ap_fifo  |                 res_stream_V_data_6_V                |    pointer   |
|res_stream_V_data_6_V_write      | out |    1|   ap_fifo  |                 res_stream_V_data_6_V                |    pointer   |
|res_stream_V_data_7_V_din        | out |   16|   ap_fifo  |                 res_stream_V_data_7_V                |    pointer   |
|res_stream_V_data_7_V_full_n     |  in |    1|   ap_fifo  |                 res_stream_V_data_7_V                |    pointer   |
|res_stream_V_data_7_V_write      | out |    1|   ap_fifo  |                 res_stream_V_data_7_V                |    pointer   |
|res_stream_V_data_8_V_din        | out |   16|   ap_fifo  |                 res_stream_V_data_8_V                |    pointer   |
|res_stream_V_data_8_V_full_n     |  in |    1|   ap_fifo  |                 res_stream_V_data_8_V                |    pointer   |
|res_stream_V_data_8_V_write      | out |    1|   ap_fifo  |                 res_stream_V_data_8_V                |    pointer   |
|res_stream_V_data_9_V_din        | out |   16|   ap_fifo  |                 res_stream_V_data_9_V                |    pointer   |
|res_stream_V_data_9_V_full_n     |  in |    1|   ap_fifo  |                 res_stream_V_data_9_V                |    pointer   |
|res_stream_V_data_9_V_write      | out |    1|   ap_fifo  |                 res_stream_V_data_9_V                |    pointer   |
|res_stream_V_data_10_V_din       | out |   16|   ap_fifo  |                res_stream_V_data_10_V                |    pointer   |
|res_stream_V_data_10_V_full_n    |  in |    1|   ap_fifo  |                res_stream_V_data_10_V                |    pointer   |
|res_stream_V_data_10_V_write     | out |    1|   ap_fifo  |                res_stream_V_data_10_V                |    pointer   |
|res_stream_V_data_11_V_din       | out |   16|   ap_fifo  |                res_stream_V_data_11_V                |    pointer   |
|res_stream_V_data_11_V_full_n    |  in |    1|   ap_fifo  |                res_stream_V_data_11_V                |    pointer   |
|res_stream_V_data_11_V_write     | out |    1|   ap_fifo  |                res_stream_V_data_11_V                |    pointer   |
|res_stream_V_data_12_V_din       | out |   16|   ap_fifo  |                res_stream_V_data_12_V                |    pointer   |
|res_stream_V_data_12_V_full_n    |  in |    1|   ap_fifo  |                res_stream_V_data_12_V                |    pointer   |
|res_stream_V_data_12_V_write     | out |    1|   ap_fifo  |                res_stream_V_data_12_V                |    pointer   |
|res_stream_V_data_13_V_din       | out |   16|   ap_fifo  |                res_stream_V_data_13_V                |    pointer   |
|res_stream_V_data_13_V_full_n    |  in |    1|   ap_fifo  |                res_stream_V_data_13_V                |    pointer   |
|res_stream_V_data_13_V_write     | out |    1|   ap_fifo  |                res_stream_V_data_13_V                |    pointer   |
|res_stream_V_data_14_V_din       | out |   16|   ap_fifo  |                res_stream_V_data_14_V                |    pointer   |
|res_stream_V_data_14_V_full_n    |  in |    1|   ap_fifo  |                res_stream_V_data_14_V                |    pointer   |
|res_stream_V_data_14_V_write     | out |    1|   ap_fifo  |                res_stream_V_data_14_V                |    pointer   |
|res_stream_V_data_15_V_din       | out |   16|   ap_fifo  |                res_stream_V_data_15_V                |    pointer   |
|res_stream_V_data_15_V_full_n    |  in |    1|   ap_fifo  |                res_stream_V_data_15_V                |    pointer   |
|res_stream_V_data_15_V_write     | out |    1|   ap_fifo  |                res_stream_V_data_15_V                |    pointer   |
|res_stream_V_data_16_V_din       | out |   16|   ap_fifo  |                res_stream_V_data_16_V                |    pointer   |
|res_stream_V_data_16_V_full_n    |  in |    1|   ap_fifo  |                res_stream_V_data_16_V                |    pointer   |
|res_stream_V_data_16_V_write     | out |    1|   ap_fifo  |                res_stream_V_data_16_V                |    pointer   |
|res_stream_V_data_17_V_din       | out |   16|   ap_fifo  |                res_stream_V_data_17_V                |    pointer   |
|res_stream_V_data_17_V_full_n    |  in |    1|   ap_fifo  |                res_stream_V_data_17_V                |    pointer   |
|res_stream_V_data_17_V_write     | out |    1|   ap_fifo  |                res_stream_V_data_17_V                |    pointer   |
|res_stream_V_data_18_V_din       | out |   16|   ap_fifo  |                res_stream_V_data_18_V                |    pointer   |
|res_stream_V_data_18_V_full_n    |  in |    1|   ap_fifo  |                res_stream_V_data_18_V                |    pointer   |
|res_stream_V_data_18_V_write     | out |    1|   ap_fifo  |                res_stream_V_data_18_V                |    pointer   |
|res_stream_V_data_19_V_din       | out |   16|   ap_fifo  |                res_stream_V_data_19_V                |    pointer   |
|res_stream_V_data_19_V_full_n    |  in |    1|   ap_fifo  |                res_stream_V_data_19_V                |    pointer   |
|res_stream_V_data_19_V_write     | out |    1|   ap_fifo  |                res_stream_V_data_19_V                |    pointer   |
|res_stream_V_data_20_V_din       | out |   16|   ap_fifo  |                res_stream_V_data_20_V                |    pointer   |
|res_stream_V_data_20_V_full_n    |  in |    1|   ap_fifo  |                res_stream_V_data_20_V                |    pointer   |
|res_stream_V_data_20_V_write     | out |    1|   ap_fifo  |                res_stream_V_data_20_V                |    pointer   |
|res_stream_V_data_21_V_din       | out |   16|   ap_fifo  |                res_stream_V_data_21_V                |    pointer   |
|res_stream_V_data_21_V_full_n    |  in |    1|   ap_fifo  |                res_stream_V_data_21_V                |    pointer   |
|res_stream_V_data_21_V_write     | out |    1|   ap_fifo  |                res_stream_V_data_21_V                |    pointer   |
|res_stream_V_data_22_V_din       | out |   16|   ap_fifo  |                res_stream_V_data_22_V                |    pointer   |
|res_stream_V_data_22_V_full_n    |  in |    1|   ap_fifo  |                res_stream_V_data_22_V                |    pointer   |
|res_stream_V_data_22_V_write     | out |    1|   ap_fifo  |                res_stream_V_data_22_V                |    pointer   |
|res_stream_V_data_23_V_din       | out |   16|   ap_fifo  |                res_stream_V_data_23_V                |    pointer   |
|res_stream_V_data_23_V_full_n    |  in |    1|   ap_fifo  |                res_stream_V_data_23_V                |    pointer   |
|res_stream_V_data_23_V_write     | out |    1|   ap_fifo  |                res_stream_V_data_23_V                |    pointer   |
|res_stream_V_data_24_V_din       | out |   16|   ap_fifo  |                res_stream_V_data_24_V                |    pointer   |
|res_stream_V_data_24_V_full_n    |  in |    1|   ap_fifo  |                res_stream_V_data_24_V                |    pointer   |
|res_stream_V_data_24_V_write     | out |    1|   ap_fifo  |                res_stream_V_data_24_V                |    pointer   |
|res_stream_V_data_25_V_din       | out |   16|   ap_fifo  |                res_stream_V_data_25_V                |    pointer   |
|res_stream_V_data_25_V_full_n    |  in |    1|   ap_fifo  |                res_stream_V_data_25_V                |    pointer   |
|res_stream_V_data_25_V_write     | out |    1|   ap_fifo  |                res_stream_V_data_25_V                |    pointer   |
|res_stream_V_data_26_V_din       | out |   16|   ap_fifo  |                res_stream_V_data_26_V                |    pointer   |
|res_stream_V_data_26_V_full_n    |  in |    1|   ap_fifo  |                res_stream_V_data_26_V                |    pointer   |
|res_stream_V_data_26_V_write     | out |    1|   ap_fifo  |                res_stream_V_data_26_V                |    pointer   |
|res_stream_V_data_27_V_din       | out |   16|   ap_fifo  |                res_stream_V_data_27_V                |    pointer   |
|res_stream_V_data_27_V_full_n    |  in |    1|   ap_fifo  |                res_stream_V_data_27_V                |    pointer   |
|res_stream_V_data_27_V_write     | out |    1|   ap_fifo  |                res_stream_V_data_27_V                |    pointer   |
|res_stream_V_data_28_V_din       | out |   16|   ap_fifo  |                res_stream_V_data_28_V                |    pointer   |
|res_stream_V_data_28_V_full_n    |  in |    1|   ap_fifo  |                res_stream_V_data_28_V                |    pointer   |
|res_stream_V_data_28_V_write     | out |    1|   ap_fifo  |                res_stream_V_data_28_V                |    pointer   |
|res_stream_V_data_29_V_din       | out |   16|   ap_fifo  |                res_stream_V_data_29_V                |    pointer   |
|res_stream_V_data_29_V_full_n    |  in |    1|   ap_fifo  |                res_stream_V_data_29_V                |    pointer   |
|res_stream_V_data_29_V_write     | out |    1|   ap_fifo  |                res_stream_V_data_29_V                |    pointer   |
|res_stream_V_data_30_V_din       | out |   16|   ap_fifo  |                res_stream_V_data_30_V                |    pointer   |
|res_stream_V_data_30_V_full_n    |  in |    1|   ap_fifo  |                res_stream_V_data_30_V                |    pointer   |
|res_stream_V_data_30_V_write     | out |    1|   ap_fifo  |                res_stream_V_data_30_V                |    pointer   |
|res_stream_V_data_31_V_din       | out |   16|   ap_fifo  |                res_stream_V_data_31_V                |    pointer   |
|res_stream_V_data_31_V_full_n    |  in |    1|   ap_fifo  |                res_stream_V_data_31_V                |    pointer   |
|res_stream_V_data_31_V_write     | out |    1|   ap_fifo  |                res_stream_V_data_31_V                |    pointer   |
|res_stream_V_data_32_V_din       | out |   16|   ap_fifo  |                res_stream_V_data_32_V                |    pointer   |
|res_stream_V_data_32_V_full_n    |  in |    1|   ap_fifo  |                res_stream_V_data_32_V                |    pointer   |
|res_stream_V_data_32_V_write     | out |    1|   ap_fifo  |                res_stream_V_data_32_V                |    pointer   |
|res_stream_V_data_33_V_din       | out |   16|   ap_fifo  |                res_stream_V_data_33_V                |    pointer   |
|res_stream_V_data_33_V_full_n    |  in |    1|   ap_fifo  |                res_stream_V_data_33_V                |    pointer   |
|res_stream_V_data_33_V_write     | out |    1|   ap_fifo  |                res_stream_V_data_33_V                |    pointer   |
|res_stream_V_data_34_V_din       | out |   16|   ap_fifo  |                res_stream_V_data_34_V                |    pointer   |
|res_stream_V_data_34_V_full_n    |  in |    1|   ap_fifo  |                res_stream_V_data_34_V                |    pointer   |
|res_stream_V_data_34_V_write     | out |    1|   ap_fifo  |                res_stream_V_data_34_V                |    pointer   |
|res_stream_V_data_35_V_din       | out |   16|   ap_fifo  |                res_stream_V_data_35_V                |    pointer   |
|res_stream_V_data_35_V_full_n    |  in |    1|   ap_fifo  |                res_stream_V_data_35_V                |    pointer   |
|res_stream_V_data_35_V_write     | out |    1|   ap_fifo  |                res_stream_V_data_35_V                |    pointer   |
|res_stream_V_data_36_V_din       | out |   16|   ap_fifo  |                res_stream_V_data_36_V                |    pointer   |
|res_stream_V_data_36_V_full_n    |  in |    1|   ap_fifo  |                res_stream_V_data_36_V                |    pointer   |
|res_stream_V_data_36_V_write     | out |    1|   ap_fifo  |                res_stream_V_data_36_V                |    pointer   |
|res_stream_V_data_37_V_din       | out |   16|   ap_fifo  |                res_stream_V_data_37_V                |    pointer   |
|res_stream_V_data_37_V_full_n    |  in |    1|   ap_fifo  |                res_stream_V_data_37_V                |    pointer   |
|res_stream_V_data_37_V_write     | out |    1|   ap_fifo  |                res_stream_V_data_37_V                |    pointer   |
|res_stream_V_data_38_V_din       | out |   16|   ap_fifo  |                res_stream_V_data_38_V                |    pointer   |
|res_stream_V_data_38_V_full_n    |  in |    1|   ap_fifo  |                res_stream_V_data_38_V                |    pointer   |
|res_stream_V_data_38_V_write     | out |    1|   ap_fifo  |                res_stream_V_data_38_V                |    pointer   |
|res_stream_V_data_39_V_din       | out |   16|   ap_fifo  |                res_stream_V_data_39_V                |    pointer   |
|res_stream_V_data_39_V_full_n    |  in |    1|   ap_fifo  |                res_stream_V_data_39_V                |    pointer   |
|res_stream_V_data_39_V_write     | out |    1|   ap_fifo  |                res_stream_V_data_39_V                |    pointer   |
|res_stream_V_data_40_V_din       | out |   16|   ap_fifo  |                res_stream_V_data_40_V                |    pointer   |
|res_stream_V_data_40_V_full_n    |  in |    1|   ap_fifo  |                res_stream_V_data_40_V                |    pointer   |
|res_stream_V_data_40_V_write     | out |    1|   ap_fifo  |                res_stream_V_data_40_V                |    pointer   |
|res_stream_V_data_41_V_din       | out |   16|   ap_fifo  |                res_stream_V_data_41_V                |    pointer   |
|res_stream_V_data_41_V_full_n    |  in |    1|   ap_fifo  |                res_stream_V_data_41_V                |    pointer   |
|res_stream_V_data_41_V_write     | out |    1|   ap_fifo  |                res_stream_V_data_41_V                |    pointer   |
|res_stream_V_data_42_V_din       | out |   16|   ap_fifo  |                res_stream_V_data_42_V                |    pointer   |
|res_stream_V_data_42_V_full_n    |  in |    1|   ap_fifo  |                res_stream_V_data_42_V                |    pointer   |
|res_stream_V_data_42_V_write     | out |    1|   ap_fifo  |                res_stream_V_data_42_V                |    pointer   |
|res_stream_V_data_43_V_din       | out |   16|   ap_fifo  |                res_stream_V_data_43_V                |    pointer   |
|res_stream_V_data_43_V_full_n    |  in |    1|   ap_fifo  |                res_stream_V_data_43_V                |    pointer   |
|res_stream_V_data_43_V_write     | out |    1|   ap_fifo  |                res_stream_V_data_43_V                |    pointer   |
|res_stream_V_data_44_V_din       | out |   16|   ap_fifo  |                res_stream_V_data_44_V                |    pointer   |
|res_stream_V_data_44_V_full_n    |  in |    1|   ap_fifo  |                res_stream_V_data_44_V                |    pointer   |
|res_stream_V_data_44_V_write     | out |    1|   ap_fifo  |                res_stream_V_data_44_V                |    pointer   |
|res_stream_V_data_45_V_din       | out |   16|   ap_fifo  |                res_stream_V_data_45_V                |    pointer   |
|res_stream_V_data_45_V_full_n    |  in |    1|   ap_fifo  |                res_stream_V_data_45_V                |    pointer   |
|res_stream_V_data_45_V_write     | out |    1|   ap_fifo  |                res_stream_V_data_45_V                |    pointer   |
|res_stream_V_data_46_V_din       | out |   16|   ap_fifo  |                res_stream_V_data_46_V                |    pointer   |
|res_stream_V_data_46_V_full_n    |  in |    1|   ap_fifo  |                res_stream_V_data_46_V                |    pointer   |
|res_stream_V_data_46_V_write     | out |    1|   ap_fifo  |                res_stream_V_data_46_V                |    pointer   |
|res_stream_V_data_47_V_din       | out |   16|   ap_fifo  |                res_stream_V_data_47_V                |    pointer   |
|res_stream_V_data_47_V_full_n    |  in |    1|   ap_fifo  |                res_stream_V_data_47_V                |    pointer   |
|res_stream_V_data_47_V_write     | out |    1|   ap_fifo  |                res_stream_V_data_47_V                |    pointer   |
|res_stream_V_data_48_V_din       | out |   16|   ap_fifo  |                res_stream_V_data_48_V                |    pointer   |
|res_stream_V_data_48_V_full_n    |  in |    1|   ap_fifo  |                res_stream_V_data_48_V                |    pointer   |
|res_stream_V_data_48_V_write     | out |    1|   ap_fifo  |                res_stream_V_data_48_V                |    pointer   |
|res_stream_V_data_49_V_din       | out |   16|   ap_fifo  |                res_stream_V_data_49_V                |    pointer   |
|res_stream_V_data_49_V_full_n    |  in |    1|   ap_fifo  |                res_stream_V_data_49_V                |    pointer   |
|res_stream_V_data_49_V_write     | out |    1|   ap_fifo  |                res_stream_V_data_49_V                |    pointer   |
|res_stream_V_data_50_V_din       | out |   16|   ap_fifo  |                res_stream_V_data_50_V                |    pointer   |
|res_stream_V_data_50_V_full_n    |  in |    1|   ap_fifo  |                res_stream_V_data_50_V                |    pointer   |
|res_stream_V_data_50_V_write     | out |    1|   ap_fifo  |                res_stream_V_data_50_V                |    pointer   |
|res_stream_V_data_51_V_din       | out |   16|   ap_fifo  |                res_stream_V_data_51_V                |    pointer   |
|res_stream_V_data_51_V_full_n    |  in |    1|   ap_fifo  |                res_stream_V_data_51_V                |    pointer   |
|res_stream_V_data_51_V_write     | out |    1|   ap_fifo  |                res_stream_V_data_51_V                |    pointer   |
|res_stream_V_data_52_V_din       | out |   16|   ap_fifo  |                res_stream_V_data_52_V                |    pointer   |
|res_stream_V_data_52_V_full_n    |  in |    1|   ap_fifo  |                res_stream_V_data_52_V                |    pointer   |
|res_stream_V_data_52_V_write     | out |    1|   ap_fifo  |                res_stream_V_data_52_V                |    pointer   |
|res_stream_V_data_53_V_din       | out |   16|   ap_fifo  |                res_stream_V_data_53_V                |    pointer   |
|res_stream_V_data_53_V_full_n    |  in |    1|   ap_fifo  |                res_stream_V_data_53_V                |    pointer   |
|res_stream_V_data_53_V_write     | out |    1|   ap_fifo  |                res_stream_V_data_53_V                |    pointer   |
|res_stream_V_data_54_V_din       | out |   16|   ap_fifo  |                res_stream_V_data_54_V                |    pointer   |
|res_stream_V_data_54_V_full_n    |  in |    1|   ap_fifo  |                res_stream_V_data_54_V                |    pointer   |
|res_stream_V_data_54_V_write     | out |    1|   ap_fifo  |                res_stream_V_data_54_V                |    pointer   |
|res_stream_V_data_55_V_din       | out |   16|   ap_fifo  |                res_stream_V_data_55_V                |    pointer   |
|res_stream_V_data_55_V_full_n    |  in |    1|   ap_fifo  |                res_stream_V_data_55_V                |    pointer   |
|res_stream_V_data_55_V_write     | out |    1|   ap_fifo  |                res_stream_V_data_55_V                |    pointer   |
|res_stream_V_data_56_V_din       | out |   16|   ap_fifo  |                res_stream_V_data_56_V                |    pointer   |
|res_stream_V_data_56_V_full_n    |  in |    1|   ap_fifo  |                res_stream_V_data_56_V                |    pointer   |
|res_stream_V_data_56_V_write     | out |    1|   ap_fifo  |                res_stream_V_data_56_V                |    pointer   |
|res_stream_V_data_57_V_din       | out |   16|   ap_fifo  |                res_stream_V_data_57_V                |    pointer   |
|res_stream_V_data_57_V_full_n    |  in |    1|   ap_fifo  |                res_stream_V_data_57_V                |    pointer   |
|res_stream_V_data_57_V_write     | out |    1|   ap_fifo  |                res_stream_V_data_57_V                |    pointer   |
|res_stream_V_data_58_V_din       | out |   16|   ap_fifo  |                res_stream_V_data_58_V                |    pointer   |
|res_stream_V_data_58_V_full_n    |  in |    1|   ap_fifo  |                res_stream_V_data_58_V                |    pointer   |
|res_stream_V_data_58_V_write     | out |    1|   ap_fifo  |                res_stream_V_data_58_V                |    pointer   |
|res_stream_V_data_59_V_din       | out |   16|   ap_fifo  |                res_stream_V_data_59_V                |    pointer   |
|res_stream_V_data_59_V_full_n    |  in |    1|   ap_fifo  |                res_stream_V_data_59_V                |    pointer   |
|res_stream_V_data_59_V_write     | out |    1|   ap_fifo  |                res_stream_V_data_59_V                |    pointer   |
|res_stream_V_data_60_V_din       | out |   16|   ap_fifo  |                res_stream_V_data_60_V                |    pointer   |
|res_stream_V_data_60_V_full_n    |  in |    1|   ap_fifo  |                res_stream_V_data_60_V                |    pointer   |
|res_stream_V_data_60_V_write     | out |    1|   ap_fifo  |                res_stream_V_data_60_V                |    pointer   |
|res_stream_V_data_61_V_din       | out |   16|   ap_fifo  |                res_stream_V_data_61_V                |    pointer   |
|res_stream_V_data_61_V_full_n    |  in |    1|   ap_fifo  |                res_stream_V_data_61_V                |    pointer   |
|res_stream_V_data_61_V_write     | out |    1|   ap_fifo  |                res_stream_V_data_61_V                |    pointer   |
|res_stream_V_data_62_V_din       | out |   16|   ap_fifo  |                res_stream_V_data_62_V                |    pointer   |
|res_stream_V_data_62_V_full_n    |  in |    1|   ap_fifo  |                res_stream_V_data_62_V                |    pointer   |
|res_stream_V_data_62_V_write     | out |    1|   ap_fifo  |                res_stream_V_data_62_V                |    pointer   |
|res_stream_V_data_63_V_din       | out |   16|   ap_fifo  |                res_stream_V_data_63_V                |    pointer   |
|res_stream_V_data_63_V_full_n    |  in |    1|   ap_fifo  |                res_stream_V_data_63_V                |    pointer   |
|res_stream_V_data_63_V_write     | out |    1|   ap_fifo  |                res_stream_V_data_63_V                |    pointer   |
+---------------------------------+-----+-----+------------+------------------------------------------------------+--------------+

