

================================================================
== Vivado HLS Report for 'dense_array_array_ap_fixed_16_6_5_3_0_5u_config11_s'
================================================================
* Date:           Tue Apr  6 01:19:56 2021

* Version:        2019.2 (Build 2704478 on Wed Nov 06 22:10:23 MST 2019)
* Project:        myproject_prj
* Solution:       solution1
* Product family: zynq
* Target device:  xc7z020-clg400-1


================================================================
== Performance Estimates
================================================================
+ Timing: 
    * Summary: 
    +--------+----------+----------+------------+
    |  Clock |  Target  | Estimated| Uncertainty|
    +--------+----------+----------+------------+
    |ap_clk  | 10.00 ns | 5.817 ns |   1.25 ns  |
    +--------+----------+----------+------------+

+ Latency: 
    * Summary: 
    +---------+---------+----------+----------+-----+-----+---------+
    |  Latency (cycles) |  Latency (absolute) |  Interval | Pipeline|
    |   min   |   max   |    min   |    max   | min | max |   Type  |
    +---------+---------+----------+----------+-----+-----+---------+
    |       35|       36| 0.350 us | 0.360 us |   35|   36|   none  |
    +---------+---------+----------+----------+-----+-----+---------+

    + Detail: 
        * Instance: 
        +------------------------------------------------------------------+-------------------------------------------------------+---------+---------+----------+----------+-----+-----+---------------------------------------------+
        |                                                                  |                                                       |  Latency (cycles) |  Latency (absolute) |  Interval |                   Pipeline                  |
        |                             Instance                             |                         Module                        |   min   |   max   |    min   |    max   | min | max |                     Type                    |
        +------------------------------------------------------------------+-------------------------------------------------------+---------+---------+----------+----------+-----+-----+---------------------------------------------+
        |grp_dense_wrapper_ap_fixed_ap_fixed_16_6_5_3_0_config11_s_fu_631  |dense_wrapper_ap_fixed_ap_fixed_16_6_5_3_0_config11_s  |       33|       34| 0.330 us | 0.340 us |   32|   32| loop rewind(delay=0 initiation interval(s)) |
        +------------------------------------------------------------------+-------------------------------------------------------+---------+---------+----------+----------+-----+-----+---------------------------------------------+

        * Loop: 
        N/A



================================================================
== Utilization Estimates
================================================================
* Summary: 
+-----------------+---------+-------+--------+-------+-----+
|       Name      | BRAM_18K| DSP48E|   FF   |  LUT  | URAM|
+-----------------+---------+-------+--------+-------+-----+
|DSP              |        -|      -|       -|      -|    -|
|Expression       |        -|      -|       0|      6|    -|
|FIFO             |        -|      -|       -|      -|    -|
|Instance         |        1|      0|     891|   1655|    -|
|Memory           |        -|      -|       -|      -|    -|
|Multiplexer      |        -|      -|       -|    372|    -|
|Register         |        -|      -|      86|      -|    -|
+-----------------+---------+-------+--------+-------+-----+
|Total            |        1|      0|     977|   2033|    0|
+-----------------+---------+-------+--------+-------+-----+
|Available        |      280|    220|  106400|  53200|    0|
+-----------------+---------+-------+--------+-------+-----+
|Utilization (%)  |    ~0   |      0|   ~0   |      3|    0|
+-----------------+---------+-------+--------+-------+-----+

+ Detail: 
    * Instance: 
    +------------------------------------------------------------------+-------------------------------------------------------+---------+-------+-----+------+-----+
    |                             Instance                             |                         Module                        | BRAM_18K| DSP48E|  FF |  LUT | URAM|
    +------------------------------------------------------------------+-------------------------------------------------------+---------+-------+-----+------+-----+
    |grp_dense_wrapper_ap_fixed_ap_fixed_16_6_5_3_0_config11_s_fu_631  |dense_wrapper_ap_fixed_ap_fixed_16_6_5_3_0_config11_s  |        1|      0|  891|  1655|    0|
    +------------------------------------------------------------------+-------------------------------------------------------+---------+-------+-----+------+-----+
    |Total                                                             |                                                       |        1|      0|  891|  1655|    0|
    +------------------------------------------------------------------+-------------------------------------------------------+---------+-------+-----+------+-----+

    * DSP48E: 
    N/A

    * Memory: 
    N/A

    * FIFO: 
    N/A

    * Expression: 
    +--------------------------+----------+-------+---+----+------------+------------+
    |       Variable Name      | Operation| DSP48E| FF| LUT| Bitwidth P0| Bitwidth P1|
    +--------------------------+----------+-------+---+----+------------+------------+
    |io_acc_block_signal_op4   |    and   |      0|  0|   2|           1|           1|
    |io_acc_block_signal_op85  |    and   |      0|  0|   2|           1|           1|
    |ap_block_state1           |    or    |      0|  0|   2|           1|           1|
    +--------------------------+----------+-------+---+----+------------+------------+
    |Total                     |          |      0|  0|   6|           3|           3|
    +--------------------------+----------+-------+---+----+------------+------------+

    * Multiplexer: 
    +-------------------------------+----+-----------+-----+-----------+
    |              Name             | LUT| Input Size| Bits| Total Bits|
    +-------------------------------+----+-----------+-----+-----------+
    |ap_NS_fsm                      |  21|          4|    1|          4|
    |ap_done                        |   9|          2|    1|          2|
    |data_stream_V_data_0_V_blk_n   |   9|          2|    1|          2|
    |data_stream_V_data_10_V_blk_n  |   9|          2|    1|          2|
    |data_stream_V_data_11_V_blk_n  |   9|          2|    1|          2|
    |data_stream_V_data_12_V_blk_n  |   9|          2|    1|          2|
    |data_stream_V_data_13_V_blk_n  |   9|          2|    1|          2|
    |data_stream_V_data_14_V_blk_n  |   9|          2|    1|          2|
    |data_stream_V_data_15_V_blk_n  |   9|          2|    1|          2|
    |data_stream_V_data_16_V_blk_n  |   9|          2|    1|          2|
    |data_stream_V_data_17_V_blk_n  |   9|          2|    1|          2|
    |data_stream_V_data_18_V_blk_n  |   9|          2|    1|          2|
    |data_stream_V_data_19_V_blk_n  |   9|          2|    1|          2|
    |data_stream_V_data_1_V_blk_n   |   9|          2|    1|          2|
    |data_stream_V_data_20_V_blk_n  |   9|          2|    1|          2|
    |data_stream_V_data_21_V_blk_n  |   9|          2|    1|          2|
    |data_stream_V_data_22_V_blk_n  |   9|          2|    1|          2|
    |data_stream_V_data_23_V_blk_n  |   9|          2|    1|          2|
    |data_stream_V_data_24_V_blk_n  |   9|          2|    1|          2|
    |data_stream_V_data_25_V_blk_n  |   9|          2|    1|          2|
    |data_stream_V_data_26_V_blk_n  |   9|          2|    1|          2|
    |data_stream_V_data_27_V_blk_n  |   9|          2|    1|          2|
    |data_stream_V_data_28_V_blk_n  |   9|          2|    1|          2|
    |data_stream_V_data_29_V_blk_n  |   9|          2|    1|          2|
    |data_stream_V_data_2_V_blk_n   |   9|          2|    1|          2|
    |data_stream_V_data_30_V_blk_n  |   9|          2|    1|          2|
    |data_stream_V_data_31_V_blk_n  |   9|          2|    1|          2|
    |data_stream_V_data_3_V_blk_n   |   9|          2|    1|          2|
    |data_stream_V_data_4_V_blk_n   |   9|          2|    1|          2|
    |data_stream_V_data_5_V_blk_n   |   9|          2|    1|          2|
    |data_stream_V_data_6_V_blk_n   |   9|          2|    1|          2|
    |data_stream_V_data_7_V_blk_n   |   9|          2|    1|          2|
    |data_stream_V_data_8_V_blk_n   |   9|          2|    1|          2|
    |data_stream_V_data_9_V_blk_n   |   9|          2|    1|          2|
    |real_start                     |   9|          2|    1|          2|
    |res_stream_V_data_0_V_blk_n    |   9|          2|    1|          2|
    |res_stream_V_data_1_V_blk_n    |   9|          2|    1|          2|
    |res_stream_V_data_2_V_blk_n    |   9|          2|    1|          2|
    |res_stream_V_data_3_V_blk_n    |   9|          2|    1|          2|
    |res_stream_V_data_4_V_blk_n    |   9|          2|    1|          2|
    +-------------------------------+----+-----------+-----+-----------+
    |Total                          | 372|         82|   40|         82|
    +-------------------------------+----+-----------+-----+-----------+

    * Register: 
    +-------------------------------------------------------------------------------+----+----+-----+-----------+
    |                                      Name                                     | FF | LUT| Bits| Const Bits|
    +-------------------------------------------------------------------------------+----+----+-----+-----------+
    |ap_CS_fsm                                                                      |   3|   0|    3|          0|
    |ap_done_reg                                                                    |   1|   0|    1|          0|
    |grp_dense_wrapper_ap_fixed_ap_fixed_16_6_5_3_0_config11_s_fu_631_ap_start_reg  |   1|   0|    1|          0|
    |start_once_reg                                                                 |   1|   0|    1|          0|
    |tmp_data_0_V_reg_1009                                                          |  16|   0|   16|          0|
    |tmp_data_1_V_reg_1014                                                          |  16|   0|   16|          0|
    |tmp_data_2_V_reg_1019                                                          |  16|   0|   16|          0|
    |tmp_data_3_V_reg_1024                                                          |  16|   0|   16|          0|
    |tmp_data_4_V_reg_1029                                                          |  16|   0|   16|          0|
    +-------------------------------------------------------------------------------+----+----+-----+-----------+
    |Total                                                                          |  86|   0|   86|          0|
    +-------------------------------------------------------------------------------+----+----+-----+-----------+



================================================================
== Interface
================================================================
* Summary: 
+---------------------------------+-----+-----+------------+------------------------------------------------------+--------------+
|            RTL Ports            | Dir | Bits|  Protocol  |                     Source Object                    |    C Type    |
+---------------------------------+-----+-----+------------+------------------------------------------------------+--------------+
|ap_clk                           |  in |    1| ap_ctrl_hs | dense<array,array<ap_fixed<16,6,5,3,0>,5u>,config11> | return value |
|ap_rst                           |  in |    1| ap_ctrl_hs | dense<array,array<ap_fixed<16,6,5,3,0>,5u>,config11> | return value |
|ap_start                         |  in |    1| ap_ctrl_hs | dense<array,array<ap_fixed<16,6,5,3,0>,5u>,config11> | return value |
|start_full_n                     |  in |    1| ap_ctrl_hs | dense<array,array<ap_fixed<16,6,5,3,0>,5u>,config11> | return value |
|ap_done                          | out |    1| ap_ctrl_hs | dense<array,array<ap_fixed<16,6,5,3,0>,5u>,config11> | return value |
|ap_continue                      |  in |    1| ap_ctrl_hs | dense<array,array<ap_fixed<16,6,5,3,0>,5u>,config11> | return value |
|ap_idle                          | out |    1| ap_ctrl_hs | dense<array,array<ap_fixed<16,6,5,3,0>,5u>,config11> | return value |
|ap_ready                         | out |    1| ap_ctrl_hs | dense<array,array<ap_fixed<16,6,5,3,0>,5u>,config11> | return value |
|start_out                        | out |    1| ap_ctrl_hs | dense<array,array<ap_fixed<16,6,5,3,0>,5u>,config11> | return value |
|start_write                      | out |    1| ap_ctrl_hs | dense<array,array<ap_fixed<16,6,5,3,0>,5u>,config11> | return value |
|data_stream_V_data_0_V_dout      |  in |    7|   ap_fifo  |                data_stream_V_data_0_V                |    pointer   |
|data_stream_V_data_0_V_empty_n   |  in |    1|   ap_fifo  |                data_stream_V_data_0_V                |    pointer   |
|data_stream_V_data_0_V_read      | out |    1|   ap_fifo  |                data_stream_V_data_0_V                |    pointer   |
|data_stream_V_data_1_V_dout      |  in |    7|   ap_fifo  |                data_stream_V_data_1_V                |    pointer   |
|data_stream_V_data_1_V_empty_n   |  in |    1|   ap_fifo  |                data_stream_V_data_1_V                |    pointer   |
|data_stream_V_data_1_V_read      | out |    1|   ap_fifo  |                data_stream_V_data_1_V                |    pointer   |
|data_stream_V_data_2_V_dout      |  in |    7|   ap_fifo  |                data_stream_V_data_2_V                |    pointer   |
|data_stream_V_data_2_V_empty_n   |  in |    1|   ap_fifo  |                data_stream_V_data_2_V                |    pointer   |
|data_stream_V_data_2_V_read      | out |    1|   ap_fifo  |                data_stream_V_data_2_V                |    pointer   |
|data_stream_V_data_3_V_dout      |  in |    7|   ap_fifo  |                data_stream_V_data_3_V                |    pointer   |
|data_stream_V_data_3_V_empty_n   |  in |    1|   ap_fifo  |                data_stream_V_data_3_V                |    pointer   |
|data_stream_V_data_3_V_read      | out |    1|   ap_fifo  |                data_stream_V_data_3_V                |    pointer   |
|data_stream_V_data_4_V_dout      |  in |    7|   ap_fifo  |                data_stream_V_data_4_V                |    pointer   |
|data_stream_V_data_4_V_empty_n   |  in |    1|   ap_fifo  |                data_stream_V_data_4_V                |    pointer   |
|data_stream_V_data_4_V_read      | out |    1|   ap_fifo  |                data_stream_V_data_4_V                |    pointer   |
|data_stream_V_data_5_V_dout      |  in |    7|   ap_fifo  |                data_stream_V_data_5_V                |    pointer   |
|data_stream_V_data_5_V_empty_n   |  in |    1|   ap_fifo  |                data_stream_V_data_5_V                |    pointer   |
|data_stream_V_data_5_V_read      | out |    1|   ap_fifo  |                data_stream_V_data_5_V                |    pointer   |
|data_stream_V_data_6_V_dout      |  in |    7|   ap_fifo  |                data_stream_V_data_6_V                |    pointer   |
|data_stream_V_data_6_V_empty_n   |  in |    1|   ap_fifo  |                data_stream_V_data_6_V                |    pointer   |
|data_stream_V_data_6_V_read      | out |    1|   ap_fifo  |                data_stream_V_data_6_V                |    pointer   |
|data_stream_V_data_7_V_dout      |  in |    7|   ap_fifo  |                data_stream_V_data_7_V                |    pointer   |
|data_stream_V_data_7_V_empty_n   |  in |    1|   ap_fifo  |                data_stream_V_data_7_V                |    pointer   |
|data_stream_V_data_7_V_read      | out |    1|   ap_fifo  |                data_stream_V_data_7_V                |    pointer   |
|data_stream_V_data_8_V_dout      |  in |    7|   ap_fifo  |                data_stream_V_data_8_V                |    pointer   |
|data_stream_V_data_8_V_empty_n   |  in |    1|   ap_fifo  |                data_stream_V_data_8_V                |    pointer   |
|data_stream_V_data_8_V_read      | out |    1|   ap_fifo  |                data_stream_V_data_8_V                |    pointer   |
|data_stream_V_data_9_V_dout      |  in |    7|   ap_fifo  |                data_stream_V_data_9_V                |    pointer   |
|data_stream_V_data_9_V_empty_n   |  in |    1|   ap_fifo  |                data_stream_V_data_9_V                |    pointer   |
|data_stream_V_data_9_V_read      | out |    1|   ap_fifo  |                data_stream_V_data_9_V                |    pointer   |
|data_stream_V_data_10_V_dout     |  in |    7|   ap_fifo  |                data_stream_V_data_10_V               |    pointer   |
|data_stream_V_data_10_V_empty_n  |  in |    1|   ap_fifo  |                data_stream_V_data_10_V               |    pointer   |
|data_stream_V_data_10_V_read     | out |    1|   ap_fifo  |                data_stream_V_data_10_V               |    pointer   |
|data_stream_V_data_11_V_dout     |  in |    7|   ap_fifo  |                data_stream_V_data_11_V               |    pointer   |
|data_stream_V_data_11_V_empty_n  |  in |    1|   ap_fifo  |                data_stream_V_data_11_V               |    pointer   |
|data_stream_V_data_11_V_read     | out |    1|   ap_fifo  |                data_stream_V_data_11_V               |    pointer   |
|data_stream_V_data_12_V_dout     |  in |    7|   ap_fifo  |                data_stream_V_data_12_V               |    pointer   |
|data_stream_V_data_12_V_empty_n  |  in |    1|   ap_fifo  |                data_stream_V_data_12_V               |    pointer   |
|data_stream_V_data_12_V_read     | out |    1|   ap_fifo  |                data_stream_V_data_12_V               |    pointer   |
|data_stream_V_data_13_V_dout     |  in |    7|   ap_fifo  |                data_stream_V_data_13_V               |    pointer   |
|data_stream_V_data_13_V_empty_n  |  in |    1|   ap_fifo  |                data_stream_V_data_13_V               |    pointer   |
|data_stream_V_data_13_V_read     | out |    1|   ap_fifo  |                data_stream_V_data_13_V               |    pointer   |
|data_stream_V_data_14_V_dout     |  in |    7|   ap_fifo  |                data_stream_V_data_14_V               |    pointer   |
|data_stream_V_data_14_V_empty_n  |  in |    1|   ap_fifo  |                data_stream_V_data_14_V               |    pointer   |
|data_stream_V_data_14_V_read     | out |    1|   ap_fifo  |                data_stream_V_data_14_V               |    pointer   |
|data_stream_V_data_15_V_dout     |  in |    7|   ap_fifo  |                data_stream_V_data_15_V               |    pointer   |
|data_stream_V_data_15_V_empty_n  |  in |    1|   ap_fifo  |                data_stream_V_data_15_V               |    pointer   |
|data_stream_V_data_15_V_read     | out |    1|   ap_fifo  |                data_stream_V_data_15_V               |    pointer   |
|data_stream_V_data_16_V_dout     |  in |    7|   ap_fifo  |                data_stream_V_data_16_V               |    pointer   |
|data_stream_V_data_16_V_empty_n  |  in |    1|   ap_fifo  |                data_stream_V_data_16_V               |    pointer   |
|data_stream_V_data_16_V_read     | out |    1|   ap_fifo  |                data_stream_V_data_16_V               |    pointer   |
|data_stream_V_data_17_V_dout     |  in |    7|   ap_fifo  |                data_stream_V_data_17_V               |    pointer   |
|data_stream_V_data_17_V_empty_n  |  in |    1|   ap_fifo  |                data_stream_V_data_17_V               |    pointer   |
|data_stream_V_data_17_V_read     | out |    1|   ap_fifo  |                data_stream_V_data_17_V               |    pointer   |
|data_stream_V_data_18_V_dout     |  in |    7|   ap_fifo  |                data_stream_V_data_18_V               |    pointer   |
|data_stream_V_data_18_V_empty_n  |  in |    1|   ap_fifo  |                data_stream_V_data_18_V               |    pointer   |
|data_stream_V_data_18_V_read     | out |    1|   ap_fifo  |                data_stream_V_data_18_V               |    pointer   |
|data_stream_V_data_19_V_dout     |  in |    7|   ap_fifo  |                data_stream_V_data_19_V               |    pointer   |
|data_stream_V_data_19_V_empty_n  |  in |    1|   ap_fifo  |                data_stream_V_data_19_V               |    pointer   |
|data_stream_V_data_19_V_read     | out |    1|   ap_fifo  |                data_stream_V_data_19_V               |    pointer   |
|data_stream_V_data_20_V_dout     |  in |    7|   ap_fifo  |                data_stream_V_data_20_V               |    pointer   |
|data_stream_V_data_20_V_empty_n  |  in |    1|   ap_fifo  |                data_stream_V_data_20_V               |    pointer   |
|data_stream_V_data_20_V_read     | out |    1|   ap_fifo  |                data_stream_V_data_20_V               |    pointer   |
|data_stream_V_data_21_V_dout     |  in |    7|   ap_fifo  |                data_stream_V_data_21_V               |    pointer   |
|data_stream_V_data_21_V_empty_n  |  in |    1|   ap_fifo  |                data_stream_V_data_21_V               |    pointer   |
|data_stream_V_data_21_V_read     | out |    1|   ap_fifo  |                data_stream_V_data_21_V               |    pointer   |
|data_stream_V_data_22_V_dout     |  in |    7|   ap_fifo  |                data_stream_V_data_22_V               |    pointer   |
|data_stream_V_data_22_V_empty_n  |  in |    1|   ap_fifo  |                data_stream_V_data_22_V               |    pointer   |
|data_stream_V_data_22_V_read     | out |    1|   ap_fifo  |                data_stream_V_data_22_V               |    pointer   |
|data_stream_V_data_23_V_dout     |  in |    7|   ap_fifo  |                data_stream_V_data_23_V               |    pointer   |
|data_stream_V_data_23_V_empty_n  |  in |    1|   ap_fifo  |                data_stream_V_data_23_V               |    pointer   |
|data_stream_V_data_23_V_read     | out |    1|   ap_fifo  |                data_stream_V_data_23_V               |    pointer   |
|data_stream_V_data_24_V_dout     |  in |    7|   ap_fifo  |                data_stream_V_data_24_V               |    pointer   |
|data_stream_V_data_24_V_empty_n  |  in |    1|   ap_fifo  |                data_stream_V_data_24_V               |    pointer   |
|data_stream_V_data_24_V_read     | out |    1|   ap_fifo  |                data_stream_V_data_24_V               |    pointer   |
|data_stream_V_data_25_V_dout     |  in |    7|   ap_fifo  |                data_stream_V_data_25_V               |    pointer   |
|data_stream_V_data_25_V_empty_n  |  in |    1|   ap_fifo  |                data_stream_V_data_25_V               |    pointer   |
|data_stream_V_data_25_V_read     | out |    1|   ap_fifo  |                data_stream_V_data_25_V               |    pointer   |
|data_stream_V_data_26_V_dout     |  in |    7|   ap_fifo  |                data_stream_V_data_26_V               |    pointer   |
|data_stream_V_data_26_V_empty_n  |  in |    1|   ap_fifo  |                data_stream_V_data_26_V               |    pointer   |
|data_stream_V_data_26_V_read     | out |    1|   ap_fifo  |                data_stream_V_data_26_V               |    pointer   |
|data_stream_V_data_27_V_dout     |  in |    7|   ap_fifo  |                data_stream_V_data_27_V               |    pointer   |
|data_stream_V_data_27_V_empty_n  |  in |    1|   ap_fifo  |                data_stream_V_data_27_V               |    pointer   |
|data_stream_V_data_27_V_read     | out |    1|   ap_fifo  |                data_stream_V_data_27_V               |    pointer   |
|data_stream_V_data_28_V_dout     |  in |    7|   ap_fifo  |                data_stream_V_data_28_V               |    pointer   |
|data_stream_V_data_28_V_empty_n  |  in |    1|   ap_fifo  |                data_stream_V_data_28_V               |    pointer   |
|data_stream_V_data_28_V_read     | out |    1|   ap_fifo  |                data_stream_V_data_28_V               |    pointer   |
|data_stream_V_data_29_V_dout     |  in |    7|   ap_fifo  |                data_stream_V_data_29_V               |    pointer   |
|data_stream_V_data_29_V_empty_n  |  in |    1|   ap_fifo  |                data_stream_V_data_29_V               |    pointer   |
|data_stream_V_data_29_V_read     | out |    1|   ap_fifo  |                data_stream_V_data_29_V               |    pointer   |
|data_stream_V_data_30_V_dout     |  in |    7|   ap_fifo  |                data_stream_V_data_30_V               |    pointer   |
|data_stream_V_data_30_V_empty_n  |  in |    1|   ap_fifo  |                data_stream_V_data_30_V               |    pointer   |
|data_stream_V_data_30_V_read     | out |    1|   ap_fifo  |                data_stream_V_data_30_V               |    pointer   |
|data_stream_V_data_31_V_dout     |  in |    7|   ap_fifo  |                data_stream_V_data_31_V               |    pointer   |
|data_stream_V_data_31_V_empty_n  |  in |    1|   ap_fifo  |                data_stream_V_data_31_V               |    pointer   |
|data_stream_V_data_31_V_read     | out |    1|   ap_fifo  |                data_stream_V_data_31_V               |    pointer   |
|res_stream_V_data_0_V_din        | out |   16|   ap_fifo  |                 res_stream_V_data_0_V                |    pointer   |
|res_stream_V_data_0_V_full_n     |  in |    1|   ap_fifo  |                 res_stream_V_data_0_V                |    pointer   |
|res_stream_V_data_0_V_write      | out |    1|   ap_fifo  |                 res_stream_V_data_0_V                |    pointer   |
|res_stream_V_data_1_V_din        | out |   16|   ap_fifo  |                 res_stream_V_data_1_V                |    pointer   |
|res_stream_V_data_1_V_full_n     |  in |    1|   ap_fifo  |                 res_stream_V_data_1_V                |    pointer   |
|res_stream_V_data_1_V_write      | out |    1|   ap_fifo  |                 res_stream_V_data_1_V                |    pointer   |
|res_stream_V_data_2_V_din        | out |   16|   ap_fifo  |                 res_stream_V_data_2_V                |    pointer   |
|res_stream_V_data_2_V_full_n     |  in |    1|   ap_fifo  |                 res_stream_V_data_2_V                |    pointer   |
|res_stream_V_data_2_V_write      | out |    1|   ap_fifo  |                 res_stream_V_data_2_V                |    pointer   |
|res_stream_V_data_3_V_din        | out |   16|   ap_fifo  |                 res_stream_V_data_3_V                |    pointer   |
|res_stream_V_data_3_V_full_n     |  in |    1|   ap_fifo  |                 res_stream_V_data_3_V                |    pointer   |
|res_stream_V_data_3_V_write      | out |    1|   ap_fifo  |                 res_stream_V_data_3_V                |    pointer   |
|res_stream_V_data_4_V_din        | out |   16|   ap_fifo  |                 res_stream_V_data_4_V                |    pointer   |
|res_stream_V_data_4_V_full_n     |  in |    1|   ap_fifo  |                 res_stream_V_data_4_V                |    pointer   |
|res_stream_V_data_4_V_write      | out |    1|   ap_fifo  |                 res_stream_V_data_4_V                |    pointer   |
+---------------------------------+-----+-----+------------+------------------------------------------------------+--------------+

